// DO NOT CHANGE THIS FILE MANUALLY!
package de.arthurpicht.barnacleGeneratorTest.tg_01.tc_04.persistence.vo;

import de.arthurpicht.barnacleGeneratorTest.tg_01.tc_04.persistence.vof.AutoIncVOF;

public class AutoIncVO extends AutoIncVOF {
	
	public static final String TABLENAME = "auto_inc";
	public static final String ID = "id";
	public static final String NAME = "name";
	
	public AutoIncVO(int id) {
		this.id=id;
	}
	
	public int getId() {
		return this.id;
	}
	
	public void setId(int id) {
		this.id=id;
	}
	
	public String getName() {
		return this.name;
	}
	
	public void setName(String name) {
		this.name=name;
	}
	
	public String toString() {
		return "de.arthurpicht.barnacleGeneratorTest.tg_01.tc_04.persistence.vo.AutoIncVO["
			+ "id=" + this.id + "; "
			+ "name=" + this.name
			+ "]";
	}
	
	public boolean equals(Object o) {
		if (o == null) return false;
		if (o == this) return true;
		if (o.getClass() != this.getClass()) return false;
		AutoIncVO other = (AutoIncVO) o;
		if (this.id != other.getId()) return false;
		if (this.name == null) {
			if (other.getName() != null) return false;
		} else {
			if (!this.name.equals(other.getName())) return false;
		}
		return true;
	}
	
}
