// DO NOT CHANGE THIS FILE MANUALLY!
package de.arthurpicht.barnacleGeneratorTest.tg_01.tc_09.persistence.dao;

import de.arthurpicht.barnacleGeneratorTest.connectionManager.ConnectionManager;
import java.util.List;
import java.util.ArrayList;
import java.sql.Connection;
import java.sql.Statement;
import java.sql.ResultSet;
import java.sql.SQLException;
import java.sql.PreparedStatement;
import java.sql.Types;
import de.arthurpicht.barnacleGeneratorTest.tg_01.tc_09.persistence.vo.EntitySerializableVO;
import de.arthurpicht.barnacleGeneratorTest.connectionManager.DataSourceException;
import org.slf4j.Logger;
import org.slf4j.LoggerFactory;
import de.arthurpicht.barnacleGeneratorTest.connectionManager.EntityNotFoundException;

public class EntitySerializableDAO {
	
	private static final Logger logger = LoggerFactory.getLogger(EntitySerializableDAO.class);
	
	private static final String CREATE_STATEMENT = "INSERT INTO entityserializable (id, first_name, last_name) VALUES (?, ?, ?)";
	private static final String LOAD_STATEMENT = "SELECT * FROM entityserializable WHERE id = ?";
	private static final String DELETE_STATEMENT = "DELETE FROM entityserializable WHERE id = ?";
	private static final String UPDATE_STATEMENT = "UPDATE entityserializable SET first_name = ?, last_name = ? WHERE id = ?";
	private static final String FIND_ALL_STATEMENT = "SELECT * FROM entityserializable";
	
	public static void create(EntitySerializableVO entitySerializableVO) throws DataSourceException {
		Connection connection = ConnectionManager.openConnection(EntitySerializableDAO.class);
		try {
			create(entitySerializableVO, connection);
		} catch (SQLException sqlEx) {
			throw new DataSourceException(sqlEx);
		} finally {
			ConnectionManager.releaseConnection(connection, EntitySerializableDAO.class);
		}
	}
	
	public static void create(EntitySerializableVO entitySerializableVO, Connection connection) throws SQLException {
		PreparedStatement preparedStatement = connection.prepareStatement(CREATE_STATEMENT);
		preparedStatement.setObject(1, entitySerializableVO.getId(), Types.VARCHAR);
		preparedStatement.setObject(2, entitySerializableVO.getFirstName(), Types.VARCHAR);
		preparedStatement.setObject(3, entitySerializableVO.getLastName(), Types.VARCHAR);
		logger.debug(CREATE_STATEMENT + " [" + entitySerializableVO.getId() + "][" + entitySerializableVO.getFirstName() + "][" + entitySerializableVO.getLastName() + "]");
		preparedStatement.executeUpdate();
		try { preparedStatement.close(); } catch (SQLException ignored) {}
	}
	
	public static void create(List<EntitySerializableVO> entitySerializableVOs) throws DataSourceException {
		Connection connection = ConnectionManager.openConnection(EntitySerializableDAO.class);
		try {
			create(entitySerializableVOs, connection);
		} catch (SQLException sqlEx) {
			throw new DataSourceException(sqlEx);
		} finally {
			ConnectionManager.releaseConnection(connection, EntitySerializableDAO.class);
		}
	}
	
	public static void create(List<EntitySerializableVO> entitySerializableVOs, Connection connection) throws SQLException {
		PreparedStatement preparedStatement = connection.prepareStatement(CREATE_STATEMENT);
		for (EntitySerializableVO entitySerializableVO : entitySerializableVOs) {
			preparedStatement.setObject(1, entitySerializableVO.getId(), Types.VARCHAR);
			preparedStatement.setObject(2, entitySerializableVO.getFirstName(), Types.VARCHAR);
			preparedStatement.setObject(3, entitySerializableVO.getLastName(), Types.VARCHAR);
			logger.debug(CREATE_STATEMENT + " [" + entitySerializableVO.getId() + "][" + entitySerializableVO.getFirstName() + "][" + entitySerializableVO.getLastName() + "]");
			preparedStatement.addBatch();
		}
		preparedStatement.executeBatch();
		try { preparedStatement.close(); } catch (SQLException ignored) {}
	}
	
	public static EntitySerializableVO load(String id) throws DataSourceException, EntityNotFoundException {
		Connection connection = ConnectionManager.openConnection(EntitySerializableDAO.class);
		try {
			return load(id, connection);
		} catch(SQLException e) {
			throw new DataSourceException(e);
		} finally {
			ConnectionManager.releaseConnection(connection, EntitySerializableDAO.class);
		}
	}
	
	public static EntitySerializableVO load(String id, Connection connection) throws SQLException, EntityNotFoundException {
		PreparedStatement preparedStatement = connection.prepareStatement(LOAD_STATEMENT);
		preparedStatement.setObject(1, id, Types.VARCHAR);
		logger.debug(LOAD_STATEMENT + " [" + id + "]");
		ResultSet resultSet = preparedStatement.executeQuery();
		try {
			if (resultSet.next()) {
				EntitySerializableVO entitySerializableVO = new EntitySerializableVO(id);
				entitySerializableVO.setFirstName(resultSet.getObject("first_name", String.class));
				entitySerializableVO.setLastName(resultSet.getObject("last_name", String.class));
				return entitySerializableVO;
			} else {
				throw new EntityNotFoundException("Entity 'entityserializable' with primary key field 'id' = [" + id + "] not found!");
			}
		} finally {
			if (resultSet != null) { try { resultSet.close(); } catch (SQLException ignored) {}}
			try { preparedStatement.close(); } catch (SQLException ignored) {}
		}
	}
	
	public static void delete(String id) throws DataSourceException {
		Connection connection = ConnectionManager.openConnection(EntitySerializableDAO.class);
		try {
			delete(id, connection);
		} catch (SQLException e) {
			throw new DataSourceException(e);
		} finally {
			ConnectionManager.releaseConnection(connection, EntitySerializableDAO.class);
		}
	}
	
	public static void delete(String id, Connection connection) throws SQLException {
		PreparedStatement preparedStatement = connection.prepareStatement(DELETE_STATEMENT);
		preparedStatement.setObject(1, id, Types.VARCHAR);
		logger.debug(DELETE_STATEMENT + " [" + id + "]");
		preparedStatement.execute();
		try { preparedStatement.close(); } catch (SQLException ignored) {}
	}
	
	public static void update(EntitySerializableVO entitySerializableVO) throws DataSourceException {
		Connection connection = ConnectionManager.openConnection(EntitySerializableDAO.class);
		try {
			update(entitySerializableVO, connection);
		} catch (SQLException e) {
			throw new DataSourceException(e);
		} finally {
			ConnectionManager.releaseConnection(connection, EntitySerializableDAO.class);
		}
	}
	
	public static void update(EntitySerializableVO entitySerializableVO, Connection connection) throws SQLException {
		PreparedStatement preparedStatement = connection.prepareStatement(UPDATE_STATEMENT);
		preparedStatement.setObject(1, entitySerializableVO.getFirstName(), Types.VARCHAR);
		preparedStatement.setObject(2, entitySerializableVO.getLastName(), Types.VARCHAR);
		preparedStatement.setObject(3, entitySerializableVO.getId(), Types.VARCHAR);
		logger.debug(UPDATE_STATEMENT + " [" + entitySerializableVO.getFirstName() + "][" + entitySerializableVO.getLastName() + "][" + entitySerializableVO.getId() + "]");
		preparedStatement.executeUpdate();
		try { preparedStatement.close(); } catch (SQLException ignored) {}
	}
	
	public static List<EntitySerializableVO> findAll() throws DataSourceException {
		Connection connection = ConnectionManager.openConnection(EntitySerializableDAO.class);
		try {
			return findAll(connection);
		} catch (SQLException e) {
			throw new DataSourceException(e);
		} finally {
			ConnectionManager.releaseConnection(connection, EntitySerializableDAO.class);
		}
	}
	
	public static List<EntitySerializableVO> findAll(Connection connection) throws SQLException {
		Statement statement = connection.createStatement();
		logger.debug(FIND_ALL_STATEMENT);
		ResultSet resultSet = statement.executeQuery(FIND_ALL_STATEMENT);
		List<EntitySerializableVO> entitySerializableVOs = new ArrayList<>();
		try {
			while (resultSet.next()) {
				String id = resultSet.getObject("id", String.class);
				String firstName = resultSet.getObject("first_name", String.class);
				String lastName = resultSet.getObject("last_name", String.class);
				EntitySerializableVO entitySerializableVO = new EntitySerializableVO(id);
				entitySerializableVO.setFirstName(firstName);
				entitySerializableVO.setLastName(lastName);
				entitySerializableVOs.add(entitySerializableVO);
			}
			return entitySerializableVOs;
		} finally {
			if (resultSet != null) { try { resultSet.close(); } catch (SQLException ignored) {}}
			try { statement.close(); } catch (SQLException ignored) {}
		}
	}
	
}
