// DO NOT CHANGE THIS FILE MANUALLY!
package de.arthurpicht.barnacleGeneratorTest.tg_03.tc_01.persistence.dao;

import de.arthurpicht.barnacleGeneratorTest.connectionManager.ConnectionManager;
import java.util.List;
import java.util.ArrayList;
import java.sql.Connection;
import java.sql.Statement;
import java.sql.ResultSet;
import java.sql.SQLException;
import java.sql.PreparedStatement;
import java.sql.Types;
import de.arthurpicht.barnacleGeneratorTest.tg_03.tc_01.persistence.vo.ItemVO;
import de.arthurpicht.barnacleGeneratorTest.connectionManager.DataSourceException;
import org.slf4j.Logger;
import org.slf4j.LoggerFactory;
import de.arthurpicht.barnacleGeneratorTest.connectionManager.EntityNotFoundException;

public class ItemDAO {
	
	private static final Logger logger = LoggerFactory.getLogger(ItemDAO.class);
	
	private static final String CREATE_STATEMENT = "INSERT INTO item (id, description) VALUES (?, ?)";
	private static final String LOAD_STATEMENT = "SELECT * FROM item WHERE id = ?";
	private static final String DELETE_STATEMENT = "DELETE FROM item WHERE id = ?";
	private static final String UPDATE_STATEMENT = "UPDATE item SET description = ? WHERE id = ?";
	private static final String FIND_ALL_STATEMENT = "SELECT * FROM item";
	
	public static void create(ItemVO itemVO) throws DataSourceException {
		Connection connection = ConnectionManager.openConnection(ItemDAO.class);
		try {
			create(itemVO, connection);
		} catch (SQLException sqlEx) {
			throw new DataSourceException(sqlEx);
		} finally {
			ConnectionManager.releaseConnection(connection, ItemDAO.class);
		}
	}
	
	public static void create(ItemVO itemVO, Connection connection) throws SQLException {
		PreparedStatement preparedStatement = connection.prepareStatement(CREATE_STATEMENT);
		preparedStatement.setObject(1, itemVO.getId(), Types.VARCHAR);
		preparedStatement.setObject(2, itemVO.getDescription(), Types.VARCHAR);
		logger.debug(CREATE_STATEMENT + " [" + itemVO.getId() + "][" + itemVO.getDescription() + "]");
		preparedStatement.executeUpdate();
		try { preparedStatement.close(); } catch (SQLException ignored) {}
	}
	
	public static void create(List<ItemVO> itemVOs) throws DataSourceException {
		Connection connection = ConnectionManager.openConnection(ItemDAO.class);
		try {
			create(itemVOs, connection);
		} catch (SQLException sqlEx) {
			throw new DataSourceException(sqlEx);
		} finally {
			ConnectionManager.releaseConnection(connection, ItemDAO.class);
		}
	}
	
	public static void create(List<ItemVO> itemVOs, Connection connection) throws SQLException {
		PreparedStatement preparedStatement = connection.prepareStatement(CREATE_STATEMENT);
		for (ItemVO itemVO : itemVOs) {
			preparedStatement.setObject(1, itemVO.getId(), Types.VARCHAR);
			preparedStatement.setObject(2, itemVO.getDescription(), Types.VARCHAR);
			logger.debug(CREATE_STATEMENT + " [" + itemVO.getId() + "][" + itemVO.getDescription() + "]");
			preparedStatement.addBatch();
		}
		preparedStatement.executeBatch();
		try { preparedStatement.close(); } catch (SQLException ignored) {}
	}
	
	public static ItemVO load(String id) throws DataSourceException, EntityNotFoundException {
		Connection connection = ConnectionManager.openConnection(ItemDAO.class);
		try {
			return load(id, connection);
		} catch(SQLException e) {
			throw new DataSourceException(e);
		} finally {
			ConnectionManager.releaseConnection(connection, ItemDAO.class);
		}
	}
	
	public static ItemVO load(String id, Connection connection) throws SQLException, EntityNotFoundException {
		PreparedStatement preparedStatement = connection.prepareStatement(LOAD_STATEMENT);
		preparedStatement.setObject(1, id, Types.VARCHAR);
		logger.debug(LOAD_STATEMENT + " [" + id + "]");
		ResultSet resultSet = preparedStatement.executeQuery();
		try {
			if (resultSet.next()) {
				ItemVO itemVO = new ItemVO(id);
				itemVO.setDescription(resultSet.getObject("description", String.class));
				return itemVO;
			} else {
				throw new EntityNotFoundException("Entity 'item' with primary key field 'id' = [" + id + "] not found!");
			}
		} finally {
			if (resultSet != null) { try { resultSet.close(); } catch (SQLException ignored) {}}
			try { preparedStatement.close(); } catch (SQLException ignored) {}
		}
	}
	
	public static void delete(String id) throws DataSourceException {
		Connection connection = ConnectionManager.openConnection(ItemDAO.class);
		try {
			delete(id, connection);
		} catch (SQLException e) {
			throw new DataSourceException(e);
		} finally {
			ConnectionManager.releaseConnection(connection, ItemDAO.class);
		}
	}
	
	public static void delete(String id, Connection connection) throws SQLException {
		PreparedStatement preparedStatement = connection.prepareStatement(DELETE_STATEMENT);
		preparedStatement.setObject(1, id, Types.VARCHAR);
		logger.debug(DELETE_STATEMENT + " [" + id + "]");
		preparedStatement.execute();
		try { preparedStatement.close(); } catch (SQLException ignored) {}
	}
	
	public static void update(ItemVO itemVO) throws DataSourceException {
		Connection connection = ConnectionManager.openConnection(ItemDAO.class);
		try {
			update(itemVO, connection);
		} catch (SQLException e) {
			throw new DataSourceException(e);
		} finally {
			ConnectionManager.releaseConnection(connection, ItemDAO.class);
		}
	}
	
	public static void update(ItemVO itemVO, Connection connection) throws SQLException {
		PreparedStatement preparedStatement = connection.prepareStatement(UPDATE_STATEMENT);
		preparedStatement.setObject(1, itemVO.getDescription(), Types.VARCHAR);
		preparedStatement.setObject(2, itemVO.getId(), Types.VARCHAR);
		logger.debug(UPDATE_STATEMENT + " [" + itemVO.getDescription() + "][" + itemVO.getId() + "]");
		preparedStatement.executeUpdate();
		try { preparedStatement.close(); } catch (SQLException ignored) {}
	}
	
	public static List<ItemVO> findAll() throws DataSourceException {
		Connection connection = ConnectionManager.openConnection(ItemDAO.class);
		try {
			return findAll(connection);
		} catch (SQLException e) {
			throw new DataSourceException(e);
		} finally {
			ConnectionManager.releaseConnection(connection, ItemDAO.class);
		}
	}
	
	public static List<ItemVO> findAll(Connection connection) throws SQLException {
		Statement statement = connection.createStatement();
		logger.debug(FIND_ALL_STATEMENT);
		ResultSet resultSet = statement.executeQuery(FIND_ALL_STATEMENT);
		List<ItemVO> itemVOs = new ArrayList<>();
		try {
			while (resultSet.next()) {
				String id = resultSet.getObject("id", String.class);
				String description = resultSet.getObject("description", String.class);
				ItemVO itemVO = new ItemVO(id);
				itemVO.setDescription(description);
				itemVOs.add(itemVO);
			}
			return itemVOs;
		} finally {
			if (resultSet != null) { try { resultSet.close(); } catch (SQLException ignored) {}}
			try { statement.close(); } catch (SQLException ignored) {}
		}
	}
	
}
