// DO NOT CHANGE THIS FILE MANUALLY!
package de.arthurpicht.barnacleGeneratorTest.tg_03.tc_01.persistence.vo;

import de.arthurpicht.barnacleGeneratorTest.tg_03.tc_01.persistence.vof.CustomerVOF;
import de.arthurpicht.barnacleGeneratorTest.tg_03.tc_01.persistence.dao.CustomerItemDAO;
import java.util.List;
import de.arthurpicht.barnacleGeneratorTest.connectionManager.DataSourceException;

public class CustomerVO extends CustomerVOF {
	
	public static final String TABLENAME = "customer";
	public static final String ID = "id";
	public static final String NAME = "name";
	
	public CustomerVO(String id) {
		this.id=id;
	}
	
	public String getId() {
		return this.id;
	}
	
	public void setId(String id) {
		this.id=id;
	}
	
	public String getName() {
		return this.name;
	}
	
	public void setName(String name) {
		this.name=name;
	}
	
	public String toString() {
		return "de.arthurpicht.barnacleGeneratorTest.tg_03.tc_01.persistence.vo.CustomerVO["
			+ "id=" + this.id + "; "
			+ "name=" + this.name
			+ "]";
	}
	
	public List<CustomerItemVO> getCustomerItemVOByFk_customer() throws DataSourceException {
		return CustomerItemDAO.findByFk_customer(this.id);
	}
	
	public boolean equals(Object o) {
		if (o == null) return false;
		if (o == this) return true;
		if (o.getClass() != this.getClass()) return false;
		CustomerVO other = (CustomerVO) o;
		if (this.id == null) {
			if (other.getId() != null) return false;
		} else {
			if (!this.id.equals(other.getId())) return false;
		}
		if (this.name == null) {
			if (other.getName() != null) return false;
		} else {
			if (!this.name.equals(other.getName())) return false;
		}
		return true;
	}
	
}
