// DO NOT CHANGE THIS FILE MANUALLY!
package de.arthurpicht.barnacleGeneratorTest.tg_02.tc_01.persistence.vo;

import de.arthurpicht.barnacleGeneratorTest.tg_02.tc_01.persistence.vof.UserVOF;
import de.arthurpicht.barnacleGeneratorTest.tg_02.tc_01.persistence.dao.AddressDAO;
import java.util.List;
import de.arthurpicht.barnacleGeneratorTest.connectionManager.DataSourceException;

public class UserVO extends UserVOF {
	
	public static final String TABLENAME = "user_table";
	public static final String ID = "id";
	public static final String USERNAME = "userName";
	
	public UserVO(String id) {
		this.id=id;
	}
	
	public String getId() {
		return this.id;
	}
	
	public void setId(String id) {
		this.id=id;
	}
	
	public String getUserName() {
		return this.userName;
	}
	
	public void setUserName(String userName) {
		this.userName=userName;
	}
	
	public String toString() {
		return "de.arthurpicht.barnacleGeneratorTest.tg_02.tc_01.persistence.vo.UserVO["
			+ "id=" + this.id + "; "
			+ "userName=" + this.userName
			+ "]";
	}
	
	public List<AddressVO> getAddressVOByFk_address_1() throws DataSourceException {
		return AddressDAO.findByFk_address_1(this.id);
	}
	
	public boolean equals(Object o) {
		if (o == null) return false;
		if (o == this) return true;
		if (o.getClass() != this.getClass()) return false;
		UserVO other = (UserVO) o;
		if (this.id == null) {
			if (other.getId() != null) return false;
		} else {
			if (!this.id.equals(other.getId())) return false;
		}
		if (this.userName == null) {
			if (other.getUserName() != null) return false;
		} else {
			if (!this.userName.equals(other.getUserName())) return false;
		}
		return true;
	}
	
}
